Godot Engine v4.4.1.stable.official.49a5bc7b6 - https://godotengine.org

ERROR: Failed to read the root certificate store.
   at: get_system_ca_certificates (platform/windows/os_windows.cpp:2289)
WARNING: [Data] stats.luk: 만렙 몰빵(147포인트) crit_chance=0.1970 가 상한(0.7500)에 못 미침 — 상한이 사실상 의미 없음
   at: push_warning (core/variant/variant_utility.cpp:1118)
WARNING: [Data] stats.int: 만렙 몰빵 cooldown_reduction=0.2940 가 상한(0.3000)에 못 미침 — 상한이 사실상 의미 없음
   at: push_warning (core/variant/variant_utility.cpp:1118)
ERROR: Could not create directory: 'user://playtest'.
   at: make_dir_recursive (core/io/dir_access.cpp:180)
[Metrics] 세션 시작. tester=anon, 저장 경로=user://playtest/session_1789229229.json
[AudioManager] (headless) play_bgm id=bgm_grassland_1 fade=1.50
---  GUT  ---
[INFO]:  using [C:/Users/freer/AppData/Roaming/Games-QA-npc-greeting-20260913-story] for temporary output.
Godot version:  4.4.1
GUT version:  9.4.0


res://tests/unit/test_npc_greeting.gd
* test_visit_lines_cycle_and_completed_group_is_separate
* test_all_visit_keys_have_korean_translation
2/2 passed.


res://tests/unit/test_hud_math.gd
* test_ratio_normal_range
* test_ratio_clamps_to_0_1_and_avoids_division_by_zero
* test_is_hp_critical_true_at_and_below_25_percent
* test_is_hp_critical_false_when_dead
* test_is_stamina_low_matches_debug_hud_threshold
* test_is_stamina_empty
6/6 passed.




==============================================
= Run Summary
==============================================

---- Totals ----
Scripts           2
Tests             8
  Passing         8
Asserts           45
Time              0.004s


---- All tests passed! ----

ERROR: Could not create directory: 'user://playtest'.
   at: make_dir_recursive (core/io/dir_access.cpp:180)
ERROR: [Metrics] 저장 실패: user://playtest/session_1789229229.json (err=7)
   at: push_error (core/variant/variant_utility.cpp:1098)
=== [Metrics] 플레이테스트 요약 (tester=anon) ===
세션 길이: 0.3s, 사망: 0
구르기: 시도=0 성공=0 성공률=0% (무적중 피격=0)
가드: 저스트 시도=0 성공=0 성공률=0%, 일반 가드=0
콤보 3타 완주: 0회
플레이어 피격: 0회, 총 피해: 0
=== [Metrics] 저장: user://playtest/session_1789229229.json ===
