Godot Engine v4.4.1.stable.official.49a5bc7b6 - https://godotengine.org
OpenGL API 3.3.0 NVIDIA 566.03 - Compatibility - Using Device: NVIDIA - NVIDIA GeForce RTX 3060

WARNING: [Data] stats.luk: 만렙 몰빵(147포인트) crit_chance=0.1970 가 상한(0.7500)에 못 미침 — 상한이 사실상 의미 없음
   at: push_warning (core/variant/variant_utility.cpp:1118)
WARNING: [Data] stats.int: 만렙 몰빵 cooldown_reduction=0.2940 가 상한(0.3000)에 못 미침 — 상한이 사실상 의미 없음
   at: push_warning (core/variant/variant_utility.cpp:1118)
[Metrics] 세션 시작. tester=anon, 저장 경로=user://playtest/session_1789231844.json
[PASS] cargo-before log bounds within container
[PASS] cargo-before actual E shows expected translated text
[PASS] cargo-before no modal overlap
OBSERVATION_CAPTURE_SIZE cargo-before (1280, 720)
[PASS] cargo-before rendered PNG saved
[PASS] cargo-active log bounds within container
[PASS] cargo-active actual E shows expected translated text
[PASS] cargo-active no modal overlap
OBSERVATION_CAPTURE_SIZE cargo-active (1280, 720)
[PASS] cargo-active rendered PNG saved
[PASS] cargo-after log bounds within container
[PASS] cargo-after actual E shows expected translated text
[PASS] cargo-after no modal overlap
OBSERVATION_CAPTURE_SIZE cargo-after (1280, 720)
[PASS] cargo-after rendered PNG saved
[PASS] ward-active log bounds within container
[PASS] ward-active actual E shows expected translated text
[PASS] ward-active no modal overlap
OBSERVATION_CAPTURE_SIZE ward-active (1280, 720)
[PASS] ward-active rendered PNG saved
OBSERVATION_CAPTURE_RESULT PASS=16 FAIL=0
=== [Metrics] 플레이테스트 요약 (tester=anon) ===
세션 길이: 0.9s, 사망: 0
구르기: 시도=0 성공=0 성공률=0% (무적중 피격=0)
가드: 저스트 시도=0 성공=0 성공률=0%, 일반 가드=0
콤보 3타 완주: 0회
플레이어 피격: 0회, 총 피해: 0
=== [Metrics] 저장: user://playtest/session_1789231844.json ===
