Godot Engine v4.4.1.stable.official.49a5bc7b6 - https://godotengine.org

ERROR: Failed to read the root certificate store.
   at: get_system_ca_certificates (platform/windows/os_windows.cpp:2289)
first_scan_filesystem: begin: 프로젝트 초기화 steps: 5
	first_scan_filesystem: step 0: 파일 구조 탐색 중...
	first_scan_filesystem: step 1: 전역 클래스 이름을 불러오는 중...
	first_scan_filesystem: step 2: GDExtensions 검증 중...
	first_scan_filesystem: step 3: 자동 로드 스크립트를 생성하는 중...
	first_scan_filesystem: step 4: 플러그인을 초기화중...
	first_scan_filesystem: step 5: 파일 탐색 시작 중...
first_scan_filesystem: end
update_scripts_classes: begin: Registering global classes... steps: 6
	update_scripts_classes: step 0: 
	update_scripts_classes: step 1: QuestNpcPanel
	update_scripts_classes: step 2: UiRoot
	update_scripts_classes: step 3: QuestNpc
	update_scripts_classes: step 4: QuestTrigger
	update_scripts_classes: step 5: 
update_scripts_classes: end
reimport: begin: 애셋 (다시) 가져오는 중 steps: 1
	reimport: step 0: Preparing files to reimport...
	reimport: step 0: 다시 가져오기 전 작업을 실행 중...
	reimport: step 0: ui_ko.csv
	reimport: step 1: 에셋 불러오기 마무리 중...
reimport: end
update_script_paths_documentation: begin: Updating scripts documentation steps: 6
	update_script_paths_documentation: step 0: quest_system.gd
	update_script_paths_documentation: step 1: quest_npc_panel.gd
	update_script_paths_documentation: step 2: ui_root.gd
	update_script_paths_documentation: step 3: quest_npc.gd
	update_script_paths_documentation: step 4: quest_trigger.gd
	update_script_paths_documentation: step 5: smoke_quest_npc_panel.gd
update_script_paths_documentation: end
reimport: begin: 애셋 (다시) 가져오는 중 steps: 1
	reimport: step 0: Executing post-reimport operations...
reimport: end
loading_editor_layout: begin: Loading editor steps: 5
	loading_editor_layout: step 0: Loading editor layout...
loading_editor_layout: end
ERROR: Cannot save file 'C:/Users/freer/AppData/Roaming/Godot/editor_settings-4.4.tres'.
   at: save (scene/resources/resource_format_text.cpp:1719)
ERROR: Error saving editor settings to C:/Users/freer/AppData/Roaming/Godot/editor_settings-4.4.tres
   at: save (editor/editor_settings.cpp:1321)
