Godot Engine v4.4.1.stable.official.49a5bc7b6 - https://godotengine.org

WARNING: [Data] stats.luk: 만렙 몰빵(147포인트) crit_chance=0.1970 가 상한(0.7500)에 못 미침 — 상한이 사실상 의미 없음
   at: push_warning (core/variant/variant_utility.cpp:1118)
WARNING: [Data] stats.int: 만렙 몰빵 cooldown_reduction=0.2940 가 상한(0.3000)에 못 미침 — 상한이 사실상 의미 없음
   at: push_warning (core/variant/variant_utility.cpp:1118)
[Metrics] 세션 시작. tester=anon, 저장 경로=user://playtest/session_1789231713.json
[AudioManager] (headless) play_bgm id=bgm_grassland_1 fade=1.50
[PASS] modal E does not activate either component
[FAIL] one physical E activates shared D28 Waystone
[FAIL] MQ04 completion and first Waystone activation each autosave once
[PASS] same E completes existing system-giver MQ04
[PASS] same E shows ward observation
[FAIL] repeat E keeps repeatable ward without duplicate autosave
WARD_WAYSTONE_RESULT PASS=3 FAIL=3
=== [Metrics] 플레이테스트 요약 (tester=anon) ===
세션 길이: 0.5s, 사망: 0
구르기: 시도=0 성공=0 성공률=0% (무적중 피격=0)
가드: 저스트 시도=0 성공=0 성공률=0%, 일반 가드=0
콤보 3타 완주: 0회
플레이어 피격: 0회, 총 피해: 0
=== [Metrics] 저장: user://playtest/session_1789231713.json ===
